// Jest Snapshot v1, https://goo.gl/fbAQLP

exports[`PrivateRoute render correct 1`] = `null`;
