// Jest Snapshot v1, https://goo.gl/fbAQLP

exports[`Render withAuthRoute wrapped component renders correct 1`] = `<div />`;
