// Jest Snapshot v1, https://goo.gl/fbAQLP

exports[`Render PlacesEmpty 1`] = `
<div
  className="cities__places-container cities__places-container--empty container"
>
  <section
    className="cities__no-places"
  >
    <div
      className="cities__status-wrapper tabs__content"
    >
      <b
        className="cities__status"
      >
        No places to stay available
      </b>
      <p
        className="cities__status-description"
      >
        We could not find any property availbale at the moment in 
        Dusseldorf
      </p>
    </div>
  </section>
  <div
    className="cities__right-section"
  />
</div>
`;
